it is 17 фев 2021 г. 20:58:48 now
it is 17 фев 2021 г. 20:58:49 now
it is 17 фев 2021 г. 20:58:49 now
it is 17 фев 2021 г. 20:58:49 now
it is 17 фев 2021 г. 20:58:49 now
it is 17 фев 2021 г. 20:58:49 now
it is 17 фев 2021 г. 20:58:49 now
it is 17 фев 2021 г. 20:58:50 now
it is 17 фев 2021 г. 20:58:50 now
it is 17 фев 2021 г. 20:58:50 now
it is 17 фев 2021 г. 20:58:50 now
it is 17 фев 2021 г. 20:58:50 now
it is 17 фев 2021 г. 20:58:50 now
it is 17 фев 2021 г. 20:58:50 now
it is 17 фев 2021 г. 20:58:51 now
it is 17 фев 2021 г. 20:58:51 now
it is 17 фев 2021 г. 20:58:51 now
it is 17 фев 2021 г. 20:58:51 now
it is 17 фев 2021 г. 20:58:51 now
it is 17 фев 2021 г. 20:58:51 now
it is 17 фев 2021 г. 20:58:51 now
it is 17 фев 2021 г. 20:58:52 now
it is 17 фев 2021 г. 20:58:52 now
it is 17 фев 2021 г. 20:58:52 now
it is 17 фев 2021 г. 20:58:52 now
it is 17 фев 2021 г. 20:58:52 now
it is 17 фев 2021 г. 20:58:52 now
it is 17 фев 2021 г. 20:58:52 now
it is 17 фев 2021 г. 20:58:52 now
it is 17 фев 2021 г. 20:58:53 now
it is 17 фев 2021 г. 20:58:53 now
it is 17 фев 2021 г. 20:58:53 now
it is 17 фев 2021 г. 20:58:53 now
it is 17 фев 2021 г. 20:58:53 now
it is 17 фев 2021 г. 20:58:53 now
it is 17 фев 2021 г. 20:58:53 now
it is 17 фев 2021 г. 20:58:54 now
it is 17 фев 2021 г. 20:58:54 now
it is 17 фев 2021 г. 20:58:54 now
it is 17 фев 2021 г. 20:58:54 now
it is 17 фев 2021 г. 20:58:54 now
it is 17 фев 2021 г. 20:58:54 now
it is 17 фев 2021 г. 20:58:54 now
it is 17 фев 2021 г. 20:58:55 now
it is 17 фев 2021 г. 20:58:55 now
it is 17 фев 2021 г. 20:58:55 now
it is 17 фев 2021 г. 20:58:55 now
it is 17 фев 2021 г. 20:58:55 now
it is 17 фев 2021 г. 20:58:55 now
it is 17 фев 2021 г. 20:58:55 now
it is 17 фев 2021 г. 20:58:55 now
it is 17 фев 2021 г. 20:58:56 now
it is 17 фев 2021 г. 20:58:56 now
it is 17 фев 2021 г. 20:58:56 now
it is 17 фев 2021 г. 20:58:56 now
it is 17 фев 2021 г. 20:58:56 now
it is 17 фев 2021 г. 20:58:56 now
it is 17 фев 2021 г. 20:58:56 now
it is 17 фев 2021 г. 20:58:57 now
it is 17 фев 2021 г. 20:58:57 now
it is 17 фев 2021 г. 20:58:57 now
it is 17 фев 2021 г. 20:58:57 now
it is 17 фев 2021 г. 20:58:57 now
it is 17 фев 2021 г. 20:58:57 now
it is 17 фев 2021 г. 20:58:57 now
it is 17 фев 2021 г. 20:58:58 now
it is 17 фев 2021 г. 20:58:58 now
it is 17 фев 2021 г. 20:58:58 now
it is 17 фев 2021 г. 20:58:58 now
it is 17 фев 2021 г. 20:58:58 now
it is 17 фев 2021 г. 20:58:58 now
it is 17 фев 2021 г. 20:58:58 now
it is 17 фев 2021 г. 20:58:58 now
it is 17 фев 2021 г. 20:58:59 now
it is 17 фев 2021 г. 20:58:59 now
it is 17 фев 2021 г. 20:58:59 now
it is 17 фев 2021 г. 20:58:59 now
it is 17 фев 2021 г. 20:58:59 now
it is 17 фев 2021 г. 20:58:59 now
it is 17 фев 2021 г. 20:58:59 now
it is 17 фев 2021 г. 20:58:59 now
it is 17 фев 2021 г. 20:59:00 now
it is 17 фев 2021 г. 20:59:00 now
it is 17 фев 2021 г. 20:59:00 now
it is 17 фев 2021 г. 20:59:00 now
it is 17 фев 2021 г. 20:59:00 now
it is 17 фев 2021 г. 20:59:00 now
it is 17 фев 2021 г. 20:59:00 now
it is 17 фев 2021 г. 20:59:01 now
it is 17 фев 2021 г. 20:59:01 now
it is 17 фев 2021 г. 20:59:01 now
it is 17 фев 2021 г. 20:59:01 now
it is 17 фев 2021 г. 20:59:01 now
it is 17 фев 2021 г. 20:59:01 now
it is 17 фев 2021 г. 20:59:01 now
it is 17 фев 2021 г. 20:59:01 now
it is 17 фев 2021 г. 20:59:02 now
it is 17 фев 2021 г. 20:59:02 now
it is 17 фев 2021 г. 20:59:02 now
it is 17 фев 2021 г. 20:59:02 now
it is 17 фев 2021 г. 20:59:02 now
it is 17 фев 2021 г. 20:59:02 now
it is 17 фев 2021 г. 20:59:02 now
it is 17 фев 2021 г. 20:59:03 now
it is 17 фев 2021 г. 20:59:03 now
it is 17 фев 2021 г. 20:59:03 now
it is 17 фев 2021 г. 20:59:03 now
it is 17 фев 2021 г. 20:59:03 now
it is 17 фев 2021 г. 20:59:03 now
it is 17 фев 2021 г. 20:59:03 now
it is 17 фев 2021 г. 20:59:04 now
it is 17 фев 2021 г. 20:59:04 now
it is 17 фев 2021 г. 20:59:04 now
it is 17 фев 2021 г. 20:59:04 now
it is 17 фев 2021 г. 20:59:04 now
it is 17 фев 2021 г. 20:59:04 now
it is 17 фев 2021 г. 20:59:04 now
it is 17 фев 2021 г. 20:59:05 now
it is 17 фев 2021 г. 20:59:05 now
it is 17 фев 2021 г. 20:59:05 now
it is 17 фев 2021 г. 20:59:05 now
it is 17 фев 2021 г. 20:59:05 now
it is 17 фев 2021 г. 20:59:05 now
it is 17 фев 2021 г. 20:59:05 now
it is 17 фев 2021 г. 20:59:05 now
it is 17 фев 2021 г. 20:59:06 now
it is 17 фев 2021 г. 20:59:06 now
it is 17 фев 2021 г. 20:59:06 now
it is 17 фев 2021 г. 20:59:06 now
it is 17 фев 2021 г. 20:59:06 now
it is 17 фев 2021 г. 20:59:06 now
it is 17 фев 2021 г. 20:59:06 now
it is 17 фев 2021 г. 20:59:07 now
it is 17 фев 2021 г. 20:59:07 now
it is 17 фев 2021 г. 20:59:07 now
it is 17 фев 2021 г. 20:59:07 now
it is 17 фев 2021 г. 20:59:07 now
it is 17 фев 2021 г. 20:59:07 now
it is 17 фев 2021 г. 20:59:07 now
it is 17 фев 2021 г. 20:59:07 now
it is 17 фев 2021 г. 20:59:08 now
it is 17 фев 2021 г. 20:59:08 now
it is 17 фев 2021 г. 20:59:08 now
it is 17 фев 2021 г. 20:59:08 now
it is 17 фев 2021 г. 20:59:08 now
it is 17 фев 2021 г. 20:59:08 now
it is 17 фев 2021 г. 20:59:08 now
it is 17 фев 2021 г. 20:59:09 now
it is 17 фев 2021 г. 20:59:09 now
it is 17 фев 2021 г. 20:59:09 now
it is 17 фев 2021 г. 20:59:09 now
it is 17 фев 2021 г. 20:59:09 now
it is 17 фев 2021 г. 20:59:09 now
it is 17 фев 2021 г. 20:59:09 now
it is 17 фев 2021 г. 20:59:09 now
it is 17 фев 2021 г. 20:59:10 now
it is 17 фев 2021 г. 20:59:10 now
it is 17 фев 2021 г. 20:59:10 now
it is 17 фев 2021 г. 20:59:10 now
it is 17 фев 2021 г. 20:59:10 now
